* should pass *(*ms)*
*tests 1*
*suites 0*
*pass 1*
*fail 0*
*cancelled 0*
*skipped 0*
*todo 0*
*duration_ms *
